Command: /home/mr_robot/.espressif/python_env/idf6.0_py3.12_env/bin/python /home/mr_robot/esp/esp-idf/tools/idf_monitor.py -p /dev/ttyUSB0 -b 115200 --toolchain-prefix xtensa-esp32-elf- --target esp32 --revision 0 /home/mr_robot/Desktop/esp_monitor/build/esp_monitor.elf /home/mr_robot/Desktop/esp_monitor/build/bootloader/bootloader.elf -m '/home/mr_robot/.espressif/python_env/idf6.0_py3.12_env/bin/python' '/home/mr_robot/esp/esp-idf/tools/idf.py'
ets Jul 29 2019 12:21:46

rst:0x1 (POWERON_RESET),boot:0x17 (SPI_FAST_FLASH_BOOT)
configsip: 0, SPIWP:0xee
clk_drv:0x00,q_drv:0x00,d_drv:0x00,cs0_drv:0x00,hd_drv:0x00,wp_drv:0x00
mode:DIO, clock div:2
load:0x3fff0040,len:6272
load:0x40078000,len:15848
load:0x40080400,len:3920
entry 0x40080644
[0;32mI (27) boot: ESP-IDF v6.0 2nd stage bootloader[0m
[0;32mI (27) boot: compile time May  3 2026 19:29:56[0m
[0;32mI (28) boot: Multicore bootloader[0m
[0;32mI (29) boot: chip revision: v3.1[0m
[0;32mI (31) boot.esp32: SPI Speed      : 40MHz[0m
[0;32mI (35) boot.esp32: SPI Mode       : DIO[0m
[0;32mI (39) boot.esp32: SPI Flash Size : 2MB[0m
[0;32mI (42) boot: Enabling RNG early entropy source...[0m
[0;32mI (47) boot: Partition Table:[0m
[0;32mI (49) boot: ## Label            Usage          Type ST Offset   Length[0m
[0;32mI (56) boot:  0 nvs              WiFi data        01 02 00009000 00006000[0m
[0;32mI (62) boot:  1 phy_init         RF data          01 01 0000f000 00001000[0m
[0;32mI (69) boot:  2 factory          factory app      00 00 00010000 00100000[0m
[0;32mI (75) boot: End of partition table[0m
[0;32mI (79) esp_image: segment 0: paddr=00010020 vaddr=3f400020 size=099f8h ( 39416) map[0m
[0;32mI (100) esp_image: segment 1: paddr=00019a20 vaddr=3ffb0000 size=02e70h ( 11888) load[0m
[0;32mI (105) esp_image: segment 2: paddr=0001c898 vaddr=40080000 size=03780h ( 14208) load[0m
[0;32mI (111) esp_image: segment 3: paddr=00020020 vaddr=400d0020 size=12144h ( 74052) map[0m
[0;32mI (138) esp_image: segment 4: paddr=0003216c vaddr=40083780 size=0a28ch ( 41612) load[0m
[0;32mI (155) esp_image: segment 5: paddr=0003c400 vaddr=50000000 size=00028h (    40) load[0m
[0;32mI (162) boot: Loaded app from partition at offset 0x10000[0m
[0;32mI (162) boot: Disabling RNG early entropy source...[0m
[0;32mI (173) cpu_start: Multicore app[0m
[0;32mI (181) cpu_start: GPIO 3 and 1 are used as console UART I/O pins[0m
[0;32mI (182) cpu_start: Pro cpu start user code[0m
[0;32mI (182) cpu_start: cpu freq: 160000000 Hz[0m
[0;32mI (183) app_init: Application information:[0m
[0;32mI (187) app_init: Project name:     esp_monitor[0m
[0;32mI (192) app_init: App version:      3d6c949-dirty[0m
[0;32mI (196) app_init: Compile time:     May  9 2026 09:25:40[0m
[0;32mI (201) app_init: ELF file SHA256:  405c41aec...[0m
[0;32mI (205) app_init: ESP-IDF:          v6.0[0m
[0;32mI (209) efuse_init: Min chip rev:     v0.0[0m
[0;32mI (213) efuse_init: Max chip rev:     v3.99 [0m
[0;32mI (217) efuse_init: Chip rev:         v3.1[0m
[0;32mI (221) heap_init: Initializing. RAM available for dynamic allocation:[0m
[0;32mI (227) heap_init: At 3FFAE6E0 len 00001920 (6 KiB): DRAM[0m
[0;32mI (232) heap_init: At 3FFB37F8 len 0002C808 (178 KiB): DRAM[0m
[0;32mI (237) heap_init: At 3FFE0440 len 00003AE0 (14 KiB): D/IRAM[0m
[0;32mI (243) heap_init: At 3FFE4350 len 0001BCB0 (111 KiB): D/IRAM[0m
[0;32mI (248) heap_init: At 4008DA0C len 000125F4 (73 KiB): IRAM[0m
[0;32mI (255) spi_flash: detected chip: generic[0m
[0;32mI (257) spi_flash: flash io: dio[0m
[0;33mW (260) spi_flash: Detected size(4096k) larger than the size in the binary image header(2048k). Using the size in the binary image header.[0m
[0;32mI (273) main_task: Started on CPU0[0m
[0;32mI (283) main_task: Calling app_main()[0m
RX: V:3.21

 RX: V:3.21

 RX: V:3.21

 RX: V:3.21

 RX: V:3.21

 RX: V:3.21

 RX: V:3.21

 RX: V:3.21

 RX: V:3.21

 RX: V:3.21

 RX: V:3.21

 RX: V:3.21

 RX: V:3.21

 RX: V:3.21

 RX: V:3.21

 RX: V:3.21

 RX: V:3.21

 RX: V:3.21

 RX: V:3.21

 RX: V:3.21

 RX: V:3.21

 RX: V:3.21

 RX: V:3.21

 RX: V:3.21

 RX: V:3.21

 RX: V:3.21

 RX: V:3.21

 RX: V:3.21

 RX: V:3.21

 RX: V:3.21

 RX: V:3.21

 RX: V:3.21

 RX: V:3.21

 RX: V:3.21

 RX: V:3.21

 RX: V:3.21

 RX: V:3.21

 RX: V:3.21

 RX: V:3.21

 RX: V:3.21

 RX: V:3.21

 RX: V:3.21

 RX: V:3.21

 RX: V:3.21

 RX: V:3.21

 RX: V:3.21

 RX: V:3.21

 RX: V:3.21

 RX: V:3.21

 RX: V:3.21

 RX: V:3.21

 RX: V:3.21

 RX: V:3.21

 RX: V:3.21

 RX: V:3.21

 RX: V:3.21

 RX: V:3.21

 RX: V:3.21

 RX: V:3.21

 RX: V:3.21

 RX: V:3.21

 RX: V:3.21

 RX: V:3.21

 RX: V:3.21

 RX: V:3.21

 RX: V:3.21

 RX: V:3.21

 RX: V:3.21

 RX: V:3.21

 RX: V:3.21

 RX: V:3.21

 RX: V:3.21

 RX: V:3.21

 RX: V:3.21

 RX: V:3.21

 RX: V:3.21

 RX: V:3.21

 RX: V:3.21

 RX: V:3.21

 RX: V:3.21

 RX: V:3.21

 RX: V:3.21

 RX: V:3.21

 RX: V:3.21

 RX: V:3.21

 RX: V:3.21

 RX: V:3.21

 RX: V:3.21

 RX: V:3.21

 RX: V:3.21

 RX: V:3.21

 RX: V:3.21

 RX: V:3.21

 RX: V:3.21

 RX: V:3.21

 RX: V:3.21

 RX: V:3.21

 RX: V:3.21

 RX: V:3.21

 RX: V:3.21

 RX: V:3.21

 RX: V:3.21

 RX: V:3.21

 RX: V:3.21

 RX: V:3.21

 RX: V:3.21

 RX: V:3.21

 RX: V:3.21

 RX: V:3.21

 RX: V:3.21

 RX: V:3.21

 RX: V:3.21

 RX: V:3.21

 RX: V:3.21

 RX: V:3.21

 RX: V:3.21

 RX: V:3.21

 RX: V:3.21

 RX: V:3.21

 RX: V:3.21

 RX: V:3.21

 RX: V:3.21

 RX: V:3.21

 RX: V:3.21

 RX: V:3.21

 RX: V:3.21

 RX: V:3.21

 RX: V:3.21

 RX: V:3.21

 RX: V:3.21

 RX: V:3.21

 RX: V:3.21

 RX: V:3.21

 RX: V:3.21

 RX: V:3.21

 RX: V:3.21

 RX: V:3.21

 RX: V:3.21

 RX: V:3.21

 RX: V:3.21

 RX: V:3.21

 RX: V:3.21

 RX: V:3.21

 RX: V:3.21

 RX: V:3.21

 RX: V:3.21

 RX: V:3.21

 RX: V:3.21

 RX: V:3.21

 RX: V:3.21

 RX: V:3.21

 RX: V:3.21

 RX: V:3.21

 RX: V:3.21

 RX: V:3.21

 RX: V:3.21

 RX: V:3.21

 RX: V:3.21

 RX: V:3.21

 RX: V:3.21

 RX: V:3.21

 RX: V:3.21

 RX: V:3.21

 RX: V:3.21

 RX: V:3.21

 RX: V:3.21

 RX: V:3.21

 RX: V:3.21

 RX: V:3.21

 RX: V:3.21

 RX: V:3.21

 RX: V:3.21

 RX: V:3.21

 RX: V:3.21

 RX: V:3.21

 RX: V:3.21

 RX: V:3.21

 RX: V:3.21

 RX: V:3.21

 RX: V:3.21

 RX: V:3.21

